
29. Printing statistics.

=== DeepSAC_sleep ===

   Number of wires:               8302
   Number of wire bits:           8332
   Number of public wires:          34
   Number of public wire bits:      64
   Number of memories:               0
   Number of memory bits:            0
   Number of processes:              0
   Number of cells:               8299
     sky130_fd_sc_hd__a211o_2        1
     sky130_fd_sc_hd__a211oi_2       1
     sky130_fd_sc_hd__a21bo_2       50
     sky130_fd_sc_hd__a21bo_4        3
     sky130_fd_sc_hd__a21boi_2      37
     sky130_fd_sc_hd__a21o_2       111
     sky130_fd_sc_hd__a21o_4         1
     sky130_fd_sc_hd__a21oi_2       73
     sky130_fd_sc_hd__a221o_2       47
     sky130_fd_sc_hd__a221oi_2       2
     sky130_fd_sc_hd__a22o_2        59
     sky130_fd_sc_hd__a22o_4        11
     sky130_fd_sc_hd__a22oi_2        8
     sky130_fd_sc_hd__a2bb2o_2    1068
     sky130_fd_sc_hd__a2bb2o_4      78
     sky130_fd_sc_hd__a2bb2oi_2    149
     sky130_fd_sc_hd__a2bb2oi_4      1
     sky130_fd_sc_hd__a31o_2        11
     sky130_fd_sc_hd__a31o_4         1
     sky130_fd_sc_hd__a31oi_2        1
     sky130_fd_sc_hd__a32o_2         3
     sky130_fd_sc_hd__and2_2       349
     sky130_fd_sc_hd__and2_4        29
     sky130_fd_sc_hd__and2b_2       26
     sky130_fd_sc_hd__and3_2         3
     sky130_fd_sc_hd__buf_1        504
     sky130_fd_sc_hd__buf_2        132
     sky130_fd_sc_hd__buf_4         14
     sky130_fd_sc_hd__buf_6         21
     sky130_fd_sc_hd__bufbuf_8       6
     sky130_fd_sc_hd__bufinv_8     146
     sky130_fd_sc_hd__conb_1         1
     sky130_fd_sc_hd__dfxtp_2       14
     sky130_fd_sc_hd__dlxtn_1        3
     sky130_fd_sc_hd__inv_12         7
     sky130_fd_sc_hd__inv_2        721
     sky130_fd_sc_hd__inv_4          8
     sky130_fd_sc_hd__inv_6          7
     sky130_fd_sc_hd__inv_8          7
     sky130_fd_sc_hd__mux2_1         1
     sky130_fd_sc_hd__mux2_2         3
     sky130_fd_sc_hd__mux2_4         1
     sky130_fd_sc_hd__nand2_2      567
     sky130_fd_sc_hd__nand2_4        9
     sky130_fd_sc_hd__nand2b_2     118
     sky130_fd_sc_hd__nand2b_4      13
     sky130_fd_sc_hd__nor2_2       744
     sky130_fd_sc_hd__nor2_4        21
     sky130_fd_sc_hd__nor2_8         1
     sky130_fd_sc_hd__nor2b_2        3
     sky130_fd_sc_hd__nor2b_4        5
     sky130_fd_sc_hd__nor3_2         2
     sky130_fd_sc_hd__o211a_2       28
     sky130_fd_sc_hd__o211a_4        1
     sky130_fd_sc_hd__o211ai_2       2
     sky130_fd_sc_hd__o21a_2       651
     sky130_fd_sc_hd__o21a_4        25
     sky130_fd_sc_hd__o21ai_2      699
     sky130_fd_sc_hd__o21ai_4        8
     sky130_fd_sc_hd__o21ba_2       16
     sky130_fd_sc_hd__o21ba_4        1
     sky130_fd_sc_hd__o21bai_2       5
     sky130_fd_sc_hd__o21bai_4       3
     sky130_fd_sc_hd__o221a_2       91
     sky130_fd_sc_hd__o221a_4        1
     sky130_fd_sc_hd__o221ai_2       2
     sky130_fd_sc_hd__o22a_2       345
     sky130_fd_sc_hd__o22a_4        28
     sky130_fd_sc_hd__o22ai_2       11
     sky130_fd_sc_hd__o2bb2a_2     264
     sky130_fd_sc_hd__o2bb2a_4      48
     sky130_fd_sc_hd__o2bb2ai_2     29
     sky130_fd_sc_hd__o2bb2ai_4      1
     sky130_fd_sc_hd__o31a_2         1
     sky130_fd_sc_hd__o31a_4         1
     sky130_fd_sc_hd__o32a_2         9
     sky130_fd_sc_hd__o41a_2         1
     sky130_fd_sc_hd__or2_2        597
     sky130_fd_sc_hd__or2_4        115
     sky130_fd_sc_hd__or2b_2       102
     sky130_fd_sc_hd__or2b_4         1
     sky130_fd_sc_hd__or3_2          4
     sky130_fd_sc_hd__or3_4          3
     sky130_fd_sc_hd__or4_2          3
     sky130_fd_sc_hd__or4b_4         1

   Chip area for module '\DeepSAC_sleep': 70447.564800

